full_1024x1024_f64      time:   [62.449 µs 62.919 µs 63.461 µs]
                        change: [-7.3718% -5.5682% -3.8590%] (p = 0.00 < 0.05)
                        Performance has improved.

zeros_1024x1024_f64     time:   [30.451 µs 30.487 µs 30.553 µs]
                        change: [-7.3577% -6.3397% -5.1325%] (p = 0.00 < 0.05)
                        Performance has improved.
Found 2 outliers among 20 measurements (10.00%)
  1 (5.00%) high mild
  1 (5.00%) high severe

ones_1024x1024_f64      time:   [62.094 µs 62.750 µs 63.448 µs]
                        change: [-9.1820% -7.5303% -5.8583%] (p = 0.00 < 0.05)
                        Performance has improved.
Found 2 outliers among 20 measurements (10.00%)
  1 (5.00%) high mild
  1 (5.00%) high severe

eye_1024_f64            time:   [35.027 µs 35.258 µs 35.476 µs]
                        change: [-3.1087% -2.5279% -1.9619%] (p = 0.00 < 0.05)
                        Performance has improved.
Found 2 outliers among 20 measurements (10.00%)
  2 (10.00%) high mild

transpose_view_f64      time:   [33.141 ns 33.320 ns 33.480 ns]
                        change: [-6.8645% -6.2137% -5.6215%] (p = 0.00 < 0.05)
                        Performance has improved.

reshape_contiguous_view_f64
                        time:   [37.025 ns 37.273 ns 37.578 ns]
                        change: [-3.1001% -2.2012% -1.3362%] (p = 0.00 < 0.05)
                        Performance has improved.

broadcast_to_view_f64   time:   [35.637 ns 35.901 ns 36.246 ns]
                        change: [+1.5780% +2.6177% +3.8807%] (p = 0.00 < 0.05)
                        Performance has regressed.
Found 1 outliers among 20 measurements (5.00%)
  1 (5.00%) high severe

broadcast_arrays_f64    time:   [172.56 ns 174.00 ns 175.20 ns]
                        change: [+36.510% +38.063% +39.426%] (p = 0.00 < 0.05)
                        Performance has regressed.
Found 2 outliers among 20 measurements (10.00%)
  2 (10.00%) low mild

copy_contiguous_f64     time:   [100.47 µs 100.88 µs 101.45 µs]
                        change: [-5.9097% -4.6464% -3.1461%] (p = 0.00 < 0.05)
                        Performance has improved.
Found 3 outliers among 20 measurements (15.00%)
  2 (10.00%) high mild
  1 (5.00%) high severe

copy_transposed_f64     time:   [1.3574 ms 1.3725 ms 1.4007 ms]
                        change: [-15.748% -14.169% -11.746%] (p = 0.00 < 0.05)
                        Performance has improved.
Found 1 outliers among 20 measurements (5.00%)
  1 (5.00%) high severe

to_vec_transposed_f64   time:   [1.3480 ms 1.3533 ms 1.3581 ms]
                        change: [-18.402% -17.741% -17.171%] (p = 0.00 < 0.05)
                        Performance has improved.
Found 3 outliers among 20 measurements (15.00%)
  3 (15.00%) high mild

sum_axis_last_contiguous_f64
                        time:   [79.718 µs 80.167 µs 80.512 µs]
                        change: [-4.6789% -4.2344% -3.7892%] (p = 0.00 < 0.05)
                        Performance has improved.

sum_axis_first_fixed_stride_f64
                        time:   [127.90 µs 128.15 µs 128.51 µs]
                        change: [-2.6795% -2.4080% -2.1372%] (p = 0.00 < 0.05)
                        Performance has improved.

sum_total_contiguous_f64
                        time:   [90.052 µs 91.572 µs 93.804 µs]
                        change: [-4.4046% -2.7504% -0.8296%] (p = 0.01 < 0.05)
                        Change within noise threshold.
Found 1 outliers among 20 measurements (5.00%)
  1 (5.00%) high severe

sum_multi_axis_general_f64
                        time:   [566.08 µs 575.92 µs 589.35 µs]
                        change: [-7.9997% -6.9588% -5.7914%] (p = 0.00 < 0.05)
                        Performance has improved.
Found 2 outliers among 20 measurements (10.00%)
  1 (5.00%) high mild
  1 (5.00%) high severe

var_axis_last_contiguous_f64
                        time:   [241.13 µs 242.31 µs 243.55 µs]
                        change: [-8.2388% -7.8334% -7.4110%] (p = 0.00 < 0.05)
                        Performance has improved.
Found 1 outliers among 20 measurements (5.00%)
  1 (5.00%) high mild

var_axis_first_fixed_stride_f64
                        time:   [279.65 µs 280.50 µs 281.28 µs]
                        change: [-3.0244% -2.6951% -2.3072%] (p = 0.00 < 0.05)
                        Performance has improved.
Found 2 outliers among 20 measurements (10.00%)
  1 (5.00%) low mild
  1 (5.00%) high mild

min_axis_first_fixed_stride_f64
                        time:   [258.16 µs 258.83 µs 259.43 µs]
                        change: [-2.3178% -1.8579% -1.4232%] (p = 0.00 < 0.05)
                        Performance has improved.
Found 1 outliers among 20 measurements (5.00%)
  1 (5.00%) high mild

prod_axis_last_f64      time:   [754.56 µs 762.63 µs 774.32 µs]
                        change: [-1.1622% +1.3702% +3.4237%] (p = 0.29 > 0.05)
                        No change in performance detected.
Found 2 outliers among 20 measurements (10.00%)
  1 (5.00%) high mild
  1 (5.00%) high severe

prod_axis_first_fixed_stride_f64
                        time:   [127.63 µs 127.81 µs 128.05 µs]
                        change: [-1.2626% -0.9207% -0.5450%] (p = 0.00 < 0.05)
                        Change within noise threshold.
Found 2 outliers among 20 measurements (10.00%)
  1 (5.00%) high mild
  1 (5.00%) high severe

min_axis_last_f64       time:   [154.46 µs 155.19 µs 155.84 µs]
                        change: [-3.2764% -2.9493% -2.5636%] (p = 0.00 < 0.05)
                        Performance has improved.

max_axis_last_f64       time:   [155.90 µs 157.49 µs 160.63 µs]
                        change: [-2.2425% -0.7922% +1.2715%] (p = 0.55 > 0.05)
                        No change in performance detected.
Found 2 outliers among 20 measurements (10.00%)
  1 (5.00%) high mild
  1 (5.00%) high severe

min_axis_last_first_nan_f64
                        time:   [1.0845 µs 1.0873 µs 1.0920 µs]
                        change: [+0.5055% +1.0634% +1.5650%] (p = 0.00 < 0.05)
                        Change within noise threshold.
Found 2 outliers among 20 measurements (10.00%)
  1 (5.00%) low mild
  1 (5.00%) high mild

max_axis_last_first_nan_f64
                        time:   [1.0854 µs 1.0882 µs 1.0917 µs]
                        change: [-0.0731% +0.6385% +1.4152%] (p = 0.10 > 0.05)
                        No change in performance detected.
Found 4 outliers among 20 measurements (20.00%)
  2 (10.00%) low mild
  2 (10.00%) high severe

min_axis_last_sparse_nan_f64
                        time:   [155.76 µs 156.39 µs 157.18 µs]
                        change: [-2.4593% -2.1584% -1.8569%] (p = 0.00 < 0.05)
                        Performance has improved.
Found 1 outliers among 20 measurements (5.00%)
  1 (5.00%) high mild

max_axis_last_sparse_nan_f64
                        time:   [157.07 µs 159.63 µs 163.51 µs]
                        change: [-1.5272% -0.5653% +0.4563%] (p = 0.36 > 0.05)
                        No change in performance detected.
Found 3 outliers among 20 measurements (15.00%)
  2 (10.00%) high mild
  1 (5.00%) high severe

max_axis_first_fixed_stride_f64
                        time:   [262.27 µs 262.79 µs 263.36 µs]
                        change: [-1.9038% -1.6210% -1.3895%] (p = 0.00 < 0.05)
                        Performance has improved.
Found 2 outliers among 20 measurements (10.00%)
  2 (10.00%) low mild

min_axis_last_contiguous_i64
                        time:   [115.35 µs 115.75 µs 116.26 µs]
                        change: [-3.6363% -3.2280% -2.8167%] (p = 0.00 < 0.05)
                        Performance has improved.

max_axis_last_contiguous_i64
                        time:   [115.81 µs 116.19 µs 116.53 µs]
                        change: [-4.7876% -4.4751% -4.1686%] (p = 0.00 < 0.05)
                        Performance has improved.

min_axis_first_fixed_stride_i64
                        time:   [251.41 µs 252.03 µs 252.89 µs]
                        change: [-5.8459% -5.3007% -4.7754%] (p = 0.00 < 0.05)
                        Performance has improved.
Found 2 outliers among 20 measurements (10.00%)
  2 (10.00%) high severe

max_axis_first_fixed_stride_i64
                        time:   [251.27 µs 252.07 µs 252.99 µs]
                        change: [-4.4869% -4.1331% -3.7981%] (p = 0.00 < 0.05)
                        Performance has improved.
Found 2 outliers among 20 measurements (10.00%)
  2 (10.00%) high mild

min_axis_last_contiguous_bool
                        time:   [10.317 µs 10.488 µs 10.816 µs]
                        change: [-4.8092% -3.8701% -2.2980%] (p = 0.00 < 0.05)
                        Performance has improved.
Found 2 outliers among 20 measurements (10.00%)
  1 (5.00%) high mild
  1 (5.00%) high severe

max_axis_last_contiguous_bool
                        time:   [10.230 µs 10.259 µs 10.293 µs]
                        change: [-4.1401% -3.6899% -3.2473%] (p = 0.00 < 0.05)
                        Performance has improved.

min_axis_first_fixed_stride_bool
                        time:   [16.502 µs 16.537 µs 16.581 µs]
                        change: [-2.3414% -2.0231% -1.7098%] (p = 0.00 < 0.05)
                        Performance has improved.
Found 3 outliers among 20 measurements (15.00%)
  2 (10.00%) high mild
  1 (5.00%) high severe

max_axis_first_fixed_stride_bool
                        time:   [16.423 µs 16.461 µs 16.503 µs]
                        change: [-1.7735% -1.5316% -1.2750%] (p = 0.00 < 0.05)
                        Performance has improved.
Found 1 outliers among 20 measurements (5.00%)
  1 (5.00%) high mild

mean_axis_last_f64      time:   [86.771 µs 87.011 µs 87.216 µs]
                        change: [-1.5583% -1.2472% -0.9238%] (p = 0.00 < 0.05)
                        Change within noise threshold.

mean_axis_first_fixed_stride_f64
                        time:   [126.93 µs 127.22 µs 127.52 µs]
                        change: [-2.9856% -2.6239% -2.2651%] (p = 0.00 < 0.05)
                        Performance has improved.
Found 1 outliers among 20 measurements (5.00%)
  1 (5.00%) low mild

std_axis_last_f64       time:   [240.36 µs 240.89 µs 241.40 µs]
                        change: [-6.9288% -6.4715% -6.0866%] (p = 0.00 < 0.05)
                        Performance has improved.

std_axis_first_fixed_stride_f64
                        time:   [278.90 µs 279.51 µs 280.29 µs]
                        change: [-2.4886% -2.1656% -1.8117%] (p = 0.00 < 0.05)
                        Performance has improved.

argmax_axis_last_f64    time:   [936.71 µs 939.05 µs 942.38 µs]
                        change: [-3.0262% -2.5566% -2.0561%] (p = 0.00 < 0.05)
                        Performance has improved.
Found 3 outliers among 20 measurements (15.00%)
  1 (5.00%) low mild
  1 (5.00%) high mild
  1 (5.00%) high severe

argmin_axis_last_f64    time:   [935.34 µs 938.38 µs 942.48 µs]
                        change: [-2.8563% -2.2598% -1.5363%] (p = 0.00 < 0.05)
                        Performance has improved.
Found 2 outliers among 20 measurements (10.00%)
  2 (10.00%) high severe

any_axis_last_f64       time:   [75.437 µs 75.707 µs 76.039 µs]
                        change: [-2.4400% -2.1636% -1.8867%] (p = 0.00 < 0.05)
                        Performance has improved.
Found 1 outliers among 20 measurements (5.00%)
  1 (5.00%) high mild

any_axis_first_fixed_stride_f64
                        time:   [79.170 µs 79.286 µs 79.418 µs]
                        change: [-2.1683% -1.7588% -1.3470%] (p = 0.00 < 0.05)
                        Performance has improved.

all_axis_last_f64       time:   [75.191 µs 75.402 µs 75.592 µs]
                        change: [-5.8355% -4.0313% -2.8626%] (p = 0.00 < 0.05)
                        Performance has improved.
Found 1 outliers among 20 measurements (5.00%)
  1 (5.00%) high mild

all_axis_first_fixed_stride_f64
                        time:   [79.053 µs 79.245 µs 79.490 µs]
                        change: [-1.2137% -0.8722% -0.5317%] (p = 0.00 < 0.05)
                        Change within noise threshold.

cumprod_axis_last_f64   time:   [1.2680 ms 1.2734 ms 1.2785 ms]
                        change: [-7.6616% -6.4291% -5.2070%] (p = 0.00 < 0.05)
                        Performance has improved.
Found 2 outliers among 20 measurements (10.00%)
  1 (5.00%) low mild
  1 (5.00%) high mild

add_contiguous_contiguous_32x32_f64
                        time:   [199.76 ns 200.49 ns 201.15 ns]
                        change: [-3.0271% -1.9373% -0.8248%] (p = 0.00 < 0.05)
                        Change within noise threshold.

add_contiguous_contiguous_256x256_f64
                        time:   [12.887 µs 12.938 µs 12.985 µs]
                        change: [+1.6923% +4.5980% +7.5783%] (p = 0.00 < 0.05)
                        Performance has regressed.

add_contiguous_contiguous_f64
                        time:   [206.96 µs 208.63 µs 211.17 µs]
                        change: [+1.1580% +5.9610% +11.391%] (p = 0.02 < 0.05)
                        Performance has regressed.
Found 2 outliers among 20 measurements (10.00%)
  1 (5.00%) high mild
  1 (5.00%) high severe

add_contiguous_contiguous_1m_1d_f64
                        time:   [206.38 µs 207.01 µs 207.55 µs]
                        change: [+1.4360% +5.6028% +10.232%] (p = 0.01 < 0.05)
                        Performance has regressed.

add_contiguous_contiguous_64x128x128_f64
                        time:   [206.93 µs 207.61 µs 208.53 µs]
                        change: [-0.1886% +4.2986% +9.2970%] (p = 0.08 > 0.05)
                        No change in performance detected.
Found 2 outliers among 20 measurements (10.00%)
  1 (5.00%) high mild
  1 (5.00%) high severe

subtract_contiguous_contiguous_f64
                        time:   [209.85 µs 212.63 µs 217.39 µs]
                        change: [+0.5269% +4.5275% +9.1071%] (p = 0.04 < 0.05)
                        Change within noise threshold.
Found 1 outliers among 20 measurements (5.00%)
  1 (5.00%) high severe

add_strided_strided_f64 time:   [2.8308 ms 2.8902 ms 2.9543 ms]
                        change: [-6.1484% -2.1169% +2.1293%] (p = 0.35 > 0.05)
                        No change in performance detected.

add_contiguous_strided_f64
                        time:   [1.2378 ms 1.2423 ms 1.2482 ms]
                        change: [-14.266% -13.225% -12.185%] (p = 0.00 < 0.05)
                        Performance has improved.
Found 3 outliers among 20 measurements (15.00%)
  1 (5.00%) low mild
  2 (10.00%) high severe

subtract_strided_strided_f64
                        time:   [2.7996 ms 2.8138 ms 2.8351 ms]
                        change: [-14.545% -12.804% -11.215%] (p = 0.00 < 0.05)
                        Performance has improved.
Found 1 outliers among 20 measurements (5.00%)
  1 (5.00%) high severe

negative_contiguous_f64 time:   [133.03 µs 134.18 µs 134.95 µs]
                        change: [-4.7450% -3.2361% -1.6881%] (p = 0.00 < 0.05)
                        Performance has improved.
Found 1 outliers among 20 measurements (5.00%)
  1 (5.00%) low severe

absolute_contiguous_f64 time:   [131.92 µs 134.69 µs 138.37 µs]
                        change: [-7.1263% -5.4224% -3.1808%] (p = 0.00 < 0.05)
                        Performance has improved.
Found 4 outliers among 20 measurements (20.00%)
  1 (5.00%) low severe
  2 (10.00%) high mild
  1 (5.00%) high severe

isnan_contiguous_f64    time:   [78.361 µs 78.482 µs 78.594 µs]
                        change: [-7.3693% -3.7468% -1.3288%] (p = 0.01 < 0.05)
                        Performance has improved.
Found 1 outliers among 20 measurements (5.00%)
  1 (5.00%) high mild

multiply_row_broadcast_f64
                        time:   [143.24 µs 143.69 µs 144.19 µs]
                        change: [-30.302% -29.573% -28.784%] (p = 0.00 < 0.05)
                        Performance has improved.
Found 1 outliers among 20 measurements (5.00%)
  1 (5.00%) high mild

multiply_column_broadcast_f64
                        time:   [137.54 µs 138.47 µs 139.28 µs]
                        change: [-6.5784% -5.8776% -5.0800%] (p = 0.00 < 0.05)
                        Performance has improved.

multiply_scalar_broadcast_f64
                        time:   [136.91 µs 139.04 µs 141.97 µs]
                        change: [-6.0483% -4.1220% -1.8731%] (p = 0.00 < 0.05)
                        Performance has improved.
Found 3 outliers among 20 measurements (15.00%)
  1 (5.00%) low mild
  2 (10.00%) high severe

add_i64_f64_contiguous  time:   [211.25 µs 215.47 µs 222.19 µs]
                        change: [-1.3024% +0.0277% +1.7260%] (p = 0.98 > 0.05)
                        No change in performance detected.
Found 2 outliers among 20 measurements (10.00%)
  1 (5.00%) high mild
  1 (5.00%) high severe

divide_i64_contiguous   time:   [1.0216 ms 1.0471 ms 1.0706 ms]
                        change: [-7.7258% -4.4456% -1.2388%] (p = 0.02 < 0.05)
                        Performance has improved.
Found 1 outliers among 20 measurements (5.00%)
  1 (5.00%) low mild

divide_contiguous_f64   time:   [207.26 µs 208.83 µs 212.22 µs]
                        change: [-3.4716% -1.9281% +0.8173%] (p = 0.10 > 0.05)
                        No change in performance detected.
Found 1 outliers among 20 measurements (5.00%)
  1 (5.00%) high severe

trunc_divide_contiguous_f64
                        time:   [209.06 µs 210.06 µs 211.14 µs]
                        change: [-3.2229% -2.9293% -2.5779%] (p = 0.00 < 0.05)
                        Performance has improved.
Found 3 outliers among 20 measurements (15.00%)
  3 (15.00%) high mild

remainder_contiguous_f64
                        time:   [1.6624 ms 1.6651 ms 1.6685 ms]
                        change: [-3.5052% -3.1630% -2.7901%] (p = 0.00 < 0.05)
                        Performance has improved.
Found 1 outliers among 20 measurements (5.00%)
  1 (5.00%) high mild

power_contiguous_f64    time:   [3.9873 ms 4.0031 ms 4.0302 ms]
                        change: [-0.8638% -0.4764% +0.0520%] (p = 0.04 < 0.05)
                        Change within noise threshold.
Found 1 outliers among 20 measurements (5.00%)
  1 (5.00%) high severe

greater_contiguous_f64  time:   [145.19 µs 145.92 µs 146.71 µs]
                        change: [-0.4072% +0.0006% +0.4049%] (p = 0.99 > 0.05)
                        No change in performance detected.

cumsum_axis_last_contiguous_f64
                        time:   [1.1958 ms 1.2061 ms 1.2157 ms]
                        change: [-2.5904% -0.9197% +0.6514%] (p = 0.27 > 0.05)
                        No change in performance detected.

cumsum_axis_first_strided_f64
                        time:   [6.8474 ms 6.9949 ms 7.1654 ms]
                        change: [+3.2300% +4.9788% +6.8559%] (p = 0.00 < 0.05)
                        Performance has regressed.

cumprod_axis_first_strided_f64
                        time:   [7.2764 ms 7.4420 ms 7.6648 ms]
                        change: [+7.1277% +9.7390% +12.837%] (p = 0.00 < 0.05)
                        Performance has regressed.
Found 1 outliers among 20 measurements (5.00%)
  1 (5.00%) high severe

concatenate_axis0_contiguous_f64
                        time:   [209.16 µs 209.86 µs 210.96 µs]
                        change: [-3.7751% -3.3347% -2.8985%] (p = 0.00 < 0.05)
                        Performance has improved.

concatenate_axis0_strided_f64
                        time:   [2.5721 ms 2.5835 ms 2.6031 ms]
                        change: [-7.5288% -6.3670% -5.1196%] (p = 0.00 < 0.05)
                        Performance has improved.
Found 4 outliers among 20 measurements (20.00%)
  3 (15.00%) high mild
  1 (5.00%) high severe

concatenate_axis1_contiguous_f64
                        time:   [226.12 µs 227.60 µs 228.96 µs]
                        change: [-20.400% -19.757% -19.189%] (p = 0.00 < 0.05)
                        Performance has improved.

concatenate_axis1_strided_f64
                        time:   [3.8026 ms 3.8892 ms 4.0350 ms]
                        change: [-0.2340% +3.3716% +8.3494%] (p = 0.14 > 0.05)
                        No change in performance detected.
Found 3 outliers among 20 measurements (15.00%)
  1 (5.00%) high mild
  2 (10.00%) high severe

stack_axis0_contiguous_f64
                        time:   [211.77 µs 214.04 µs 215.89 µs]
                        change: [-3.2318% -1.5419% +0.2697%] (p = 0.12 > 0.05)
                        No change in performance detected.
Found 2 outliers among 20 measurements (10.00%)
  1 (5.00%) high mild
  1 (5.00%) high severe

where_contiguous_f64    time:   [236.02 µs 236.82 µs 237.72 µs]
                        change: [-1.2064% -0.9811% -0.7759%] (p = 0.00 < 0.05)
                        Change within noise threshold.
Found 4 outliers among 20 measurements (20.00%)
  1 (5.00%) low mild
  2 (10.00%) high mild
  1 (5.00%) high severe

where_strided_f64       time:   [2.2924 ms 2.3085 ms 2.3364 ms]
                        change: [-5.8481% -4.5467% -3.2056%] (p = 0.00 < 0.05)
                        Performance has improved.
Found 2 outliers among 20 measurements (10.00%)
  2 (10.00%) high severe

where_scalar_broadcast_f64
                        time:   [198.59 µs 201.26 µs 204.83 µs]
                        change: [-1.1994% -0.2675% +1.0799%] (p = 0.72 > 0.05)
                        No change in performance detected.
Found 3 outliers among 20 measurements (15.00%)
  1 (5.00%) high mild
  2 (10.00%) high severe

clip_contiguous_f64     time:   [139.26 µs 141.31 µs 144.69 µs]
                        change: [-0.5206% +0.1204% +1.1076%] (p = 0.84 > 0.05)
                        No change in performance detected.
Found 1 outliers among 20 measurements (5.00%)
  1 (5.00%) high severe

nonzero_bool_contiguous time:   [1.7339 ms 1.7359 ms 1.7379 ms]
                        change: [-15.717% -15.052% -14.361%] (p = 0.00 < 0.05)
                        Performance has improved.
Found 2 outliers among 20 measurements (10.00%)
  2 (10.00%) high mild

sort_axis_last_contiguous_f64
                        time:   [938.95 µs 942.94 µs 947.28 µs]
                        change: [-18.487% -18.100% -17.668%] (p = 0.00 < 0.05)
                        Performance has improved.
Found 1 outliers among 20 measurements (5.00%)
  1 (5.00%) high mild

sort_axis_last_strided_f64
                        time:   [4.0010 ms 4.0141 ms 4.0297 ms]
                        change: [-10.575% -9.6754% -8.6898%] (p = 0.00 < 0.05)
                        Performance has improved.
Found 3 outliers among 20 measurements (15.00%)
  3 (15.00%) high mild

argsort_axis_last_contiguous_f64
                        time:   [1.2503 ms 1.2525 ms 1.2553 ms]
                        change: [-0.2728% +0.0723% +0.4016%] (p = 0.69 > 0.05)
                        No change in performance detected.
Found 2 outliers among 20 measurements (10.00%)
  1 (5.00%) low mild
  1 (5.00%) high severe

unique_flatten_f64      time:   [13.650 ms 13.695 ms 13.738 ms]
                        change: [-2.8099% -2.3265% -1.9058%] (p = 0.00 < 0.05)
                        Performance has improved.
Found 2 outliers among 20 measurements (10.00%)
  1 (5.00%) low mild
  1 (5.00%) high mild

linspace_1m_f64         time:   [731.29 µs 746.97 µs 762.35 µs]
                        change: [-7.2793% -3.9913% -0.4133%] (p = 0.03 < 0.05)
                        Change within noise threshold.

meshgrid_1024x1024_view_f64
                        time:   [206.57 ns 207.90 ns 209.06 ns]
                        change: [-1.0433% -0.0534% +0.9853%] (p = 0.92 > 0.05)
                        No change in performance detected.

dot_1d_contiguous_1m_f64
                        time:   [662.33 µs 663.76 µs 665.82 µs]
Found 1 outliers among 20 measurements (5.00%)
  1 (5.00%) high mild

matmul_contiguous_32x32_f64
                        time:   [12.165 µs 12.206 µs 12.246 µs]

matmul_contiguous_128x128_f64
                        time:   [821.66 µs 823.84 µs 826.81 µs]

matmul_contiguous_256x256_f64
                        time:   [6.1895 ms 6.2135 ms 6.2422 ms]

matmul_strided_strided_128x128_f64
                        time:   [1.0350 ms 1.0377 ms 1.0403 ms]
Found 1 outliers among 20 measurements (5.00%)
  1 (5.00%) high mild

matmul_batched_8x64x64_f64
                        time:   [754.75 µs 758.26 µs 764.32 µs]

trace_1024x1024_f64     time:   [643.12 ns 644.91 ns 647.11 ns]

tri_1024x1024_f64       time:   [826.13 µs 830.51 µs 834.46 µs]
Found 1 outliers among 20 measurements (5.00%)
  1 (5.00%) high severe

tril_1024x1024_contiguous_f64
                        time:   [1.0087 ms 1.0165 ms 1.0239 ms]
Found 1 outliers among 20 measurements (5.00%)
  1 (5.00%) high mild

tril_1024x1024_strided_f64
                        time:   [2.2942 ms 2.3465 ms 2.4156 ms]
Found 2 outliers among 20 measurements (10.00%)
  2 (10.00%) high mild

triu_1024x1024_contiguous_f64
                        time:   [999.95 µs 1.0013 ms 1.0028 ms]
Found 2 outliers among 20 measurements (10.00%)
  2 (10.00%) high severe

diag_extract_1024x1024_f64
                        time:   [688.25 ns 689.41 ns 690.62 ns]
Found 1 outliers among 20 measurements (5.00%)
  1 (5.00%) high mild

diag_build_1024_f64     time:   [35.332 µs 35.785 µs 36.611 µs]
Found 1 outliers among 20 measurements (5.00%)
  1 (5.00%) high severe

fancy_gather_multidim_f64
                        time:   [1.4806 ms 1.5129 ms 1.5562 ms]
                        change: [-0.8209% +1.3669% +3.6801%] (p = 0.29 > 0.05)
                        No change in performance detected.
Found 2 outliers among 20 measurements (10.00%)
  1 (5.00%) high mild
  1 (5.00%) high severe

gather_basic_half_view_f64
                        time:   [128.41 ns 128.74 ns 128.98 ns]
                        change: [-1.4367% -0.8471% -0.3447%] (p = 0.00 < 0.05)
                        Change within noise threshold.
Found 1 outliers among 20 measurements (5.00%)
  1 (5.00%) low mild

gather_reverse_view_f64 time:   [128.14 ns 128.77 ns 129.43 ns]
                        change: [-0.4967% -0.0092% +0.5238%] (p = 0.97 > 0.05)
                        No change in performance detected.

gather_boolean_mask_f64 time:   [2.6530 ms 2.7216 ms 2.8074 ms]
                        change: [+9.3981% +12.319% +14.469%] (p = 0.00 < 0.05)
                        Performance has regressed.

scatter_array_f64/unshared_rhs
                        time:   [53.243 µs 53.979 µs 54.496 µs]
                        change: [-2.8243% -1.0247% +0.9185%] (p = 0.30 > 0.05)
                        No change in performance detected.
scatter_array_f64/shared_rhs
                        time:   [208.07 µs 210.01 µs 212.60 µs]
                        change: [-3.8997% -3.3083% -2.5956%] (p = 0.00 < 0.05)
                        Performance has improved.
Found 1 outliers among 20 measurements (5.00%)
  1 (5.00%) high severe

scatter_array_strided_basic_f64
                        time:   [230.65 µs 231.26 µs 231.87 µs]
                        change: [-0.1644% +0.2628% +0.7317%] (p = 0.27 > 0.05)
                        No change in performance detected.
Found 3 outliers among 20 measurements (15.00%)
  1 (5.00%) low mild
  2 (10.00%) high mild

scatter_scalar_strided_f64
                        time:   [127.98 µs 128.45 µs 128.93 µs]
                        change: [-2.2143% -1.4705% -0.7765%] (p = 0.00 < 0.05)
                        Change within noise threshold.
Found 1 outliers among 20 measurements (5.00%)
  1 (5.00%) low mild

scatter_scalar_fancy_f64
                        time:   [1.4009 ms 1.4138 ms 1.4314 ms]
                        change: [+0.4838% +1.9751% +3.5738%] (p = 0.02 < 0.05)
                        Change within noise threshold.
Found 1 outliers among 20 measurements (5.00%)
  1 (5.00%) high mild

    Finished `bench` profile [optimized] target(s) in 0.02s
     Running benches/paths.rs (/var/folders/_x/p8wqqn_j53x8l_8r3kd5gfhc0000gn/T/cursor-sandbox-cache/bfc190fdf4116a850199d4df9bf73b14/cargo-target/release/deps/paths-9f9744484af390ac)
Gnuplot not found, using plotters backend
Benchmarking full_1024x1024_f64
Benchmarking full_1024x1024_f64: Warming up for 1.0000 s
Benchmarking full_1024x1024_f64: Collecting 20 samples in estimated 3.0070 s (47k iterations)
Benchmarking full_1024x1024_f64: Analyzing
Benchmarking zeros_1024x1024_f64
Benchmarking zeros_1024x1024_f64: Warming up for 1.0000 s
Benchmarking zeros_1024x1024_f64: Collecting 20 samples in estimated 3.0046 s (99k iterations)
Benchmarking zeros_1024x1024_f64: Analyzing
Benchmarking ones_1024x1024_f64
Benchmarking ones_1024x1024_f64: Warming up for 1.0000 s
Benchmarking ones_1024x1024_f64: Collecting 20 samples in estimated 3.0128 s (49k iterations)
Benchmarking ones_1024x1024_f64: Analyzing
Benchmarking eye_1024_f64
Benchmarking eye_1024_f64: Warming up for 1.0000 s
Benchmarking eye_1024_f64: Collecting 20 samples in estimated 3.0052 s (85k iterations)
Benchmarking eye_1024_f64: Analyzing
Benchmarking transpose_view_f64
Benchmarking transpose_view_f64: Warming up for 1.0000 s
Benchmarking transpose_view_f64: Collecting 20 samples in estimated 3.0000 s (90M iterations)
Benchmarking transpose_view_f64: Analyzing
Benchmarking reshape_contiguous_view_f64
Benchmarking reshape_contiguous_view_f64: Warming up for 1.0000 s
Benchmarking reshape_contiguous_view_f64: Collecting 20 samples in estimated 3.0000 s (81M iterations)
Benchmarking reshape_contiguous_view_f64: Analyzing
Benchmarking broadcast_to_view_f64
Benchmarking broadcast_to_view_f64: Warming up for 1.0000 s
Benchmarking broadcast_to_view_f64: Collecting 20 samples in estimated 3.0000 s (85M iterations)
Benchmarking broadcast_to_view_f64: Analyzing
Benchmarking broadcast_arrays_f64
Benchmarking broadcast_arrays_f64: Warming up for 1.0000 s
Benchmarking broadcast_arrays_f64: Collecting 20 samples in estimated 3.0000 s (17M iterations)
Benchmarking broadcast_arrays_f64: Analyzing
Benchmarking copy_contiguous_f64
Benchmarking copy_contiguous_f64: Warming up for 1.0000 s
Benchmarking copy_contiguous_f64: Collecting 20 samples in estimated 3.0198 s (30k iterations)
Benchmarking copy_contiguous_f64: Analyzing
Benchmarking copy_transposed_f64
Benchmarking copy_transposed_f64: Warming up for 1.0000 s
Benchmarking copy_transposed_f64: Collecting 20 samples in estimated 3.1618 s (2310 iterations)
Benchmarking copy_transposed_f64: Analyzing
Benchmarking to_vec_transposed_f64
Benchmarking to_vec_transposed_f64: Warming up for 1.0000 s
Benchmarking to_vec_transposed_f64: Collecting 20 samples in estimated 3.1153 s (2310 iterations)
Benchmarking to_vec_transposed_f64: Analyzing
Benchmarking sum_axis_last_contiguous_f64
Benchmarking sum_axis_last_contiguous_f64: Warming up for 1.0000 s
Benchmarking sum_axis_last_contiguous_f64: Collecting 20 samples in estimated 3.0103 s (37k iterations)
Benchmarking sum_axis_last_contiguous_f64: Analyzing
Benchmarking sum_axis_first_fixed_stride_f64
Benchmarking sum_axis_first_fixed_stride_f64: Warming up for 1.0000 s
Benchmarking sum_axis_first_fixed_stride_f64: Collecting 20 samples in estimated 3.0195 s (23k iterations)
Benchmarking sum_axis_first_fixed_stride_f64: Analyzing
Benchmarking sum_total_contiguous_f64
Benchmarking sum_total_contiguous_f64: Warming up for 1.0000 s
Benchmarking sum_total_contiguous_f64: Collecting 20 samples in estimated 3.0069 s (34k iterations)
Benchmarking sum_total_contiguous_f64: Analyzing
Benchmarking sum_multi_axis_general_f64
Benchmarking sum_multi_axis_general_f64: Warming up for 1.0000 s
Benchmarking sum_multi_axis_general_f64: Collecting 20 samples in estimated 3.0881 s (5460 iterations)
Benchmarking sum_multi_axis_general_f64: Analyzing
Benchmarking var_axis_last_contiguous_f64
Benchmarking var_axis_last_contiguous_f64: Warming up for 1.0000 s
Benchmarking var_axis_last_contiguous_f64: Collecting 20 samples in estimated 3.0297 s (12k iterations)
Benchmarking var_axis_last_contiguous_f64: Analyzing
Benchmarking var_axis_first_fixed_stride_f64
Benchmarking var_axis_first_fixed_stride_f64: Warming up for 1.0000 s
Benchmarking var_axis_first_fixed_stride_f64: Collecting 20 samples in estimated 3.0155 s (11k iterations)
Benchmarking var_axis_first_fixed_stride_f64: Analyzing
Benchmarking min_axis_first_fixed_stride_f64
Benchmarking min_axis_first_fixed_stride_f64: Warming up for 1.0000 s
Benchmarking min_axis_first_fixed_stride_f64: Collecting 20 samples in estimated 3.0104 s (12k iterations)
Benchmarking min_axis_first_fixed_stride_f64: Analyzing
Benchmarking prod_axis_last_f64
Benchmarking prod_axis_last_f64: Warming up for 1.0000 s
Benchmarking prod_axis_last_f64: Collecting 20 samples in estimated 3.0611 s (3990 iterations)
Benchmarking prod_axis_last_f64: Analyzing
Benchmarking prod_axis_first_fixed_stride_f64
Benchmarking prod_axis_first_fixed_stride_f64: Warming up for 1.0000 s
Benchmarking prod_axis_first_fixed_stride_f64: Collecting 20 samples in estimated 3.0001 s (23k iterations)
Benchmarking prod_axis_first_fixed_stride_f64: Analyzing
Benchmarking min_axis_last_f64
Benchmarking min_axis_last_f64: Warming up for 1.0000 s
Benchmarking min_axis_last_f64: Collecting 20 samples in estimated 3.0162 s (20k iterations)
Benchmarking min_axis_last_f64: Analyzing
Benchmarking max_axis_last_f64
Benchmarking max_axis_last_f64: Warming up for 1.0000 s
Benchmarking max_axis_last_f64: Collecting 20 samples in estimated 3.0257 s (20k iterations)
Benchmarking max_axis_last_f64: Analyzing
Benchmarking min_axis_last_first_nan_f64
Benchmarking min_axis_last_first_nan_f64: Warming up for 1.0000 s
Benchmarking min_axis_last_first_nan_f64: Collecting 20 samples in estimated 3.0002 s (2.8M iterations)
Benchmarking min_axis_last_first_nan_f64: Analyzing
Benchmarking max_axis_last_first_nan_f64
Benchmarking max_axis_last_first_nan_f64: Warming up for 1.0000 s
Benchmarking max_axis_last_first_nan_f64: Collecting 20 samples in estimated 3.0001 s (2.8M iterations)
Benchmarking max_axis_last_first_nan_f64: Analyzing
Benchmarking min_axis_last_sparse_nan_f64
Benchmarking min_axis_last_sparse_nan_f64: Warming up for 1.0000 s
Benchmarking min_axis_last_sparse_nan_f64: Collecting 20 samples in estimated 3.0183 s (19k iterations)
Benchmarking min_axis_last_sparse_nan_f64: Analyzing
Benchmarking max_axis_last_sparse_nan_f64
Benchmarking max_axis_last_sparse_nan_f64: Warming up for 1.0000 s
Benchmarking max_axis_last_sparse_nan_f64: Collecting 20 samples in estimated 3.0307 s (19k iterations)
Benchmarking max_axis_last_sparse_nan_f64: Analyzing
Benchmarking max_axis_first_fixed_stride_f64
Benchmarking max_axis_first_fixed_stride_f64: Warming up for 1.0000 s
Benchmarking max_axis_first_fixed_stride_f64: Collecting 20 samples in estimated 3.0011 s (11k iterations)
Benchmarking max_axis_first_fixed_stride_f64: Analyzing
Benchmarking min_axis_last_contiguous_i64
Benchmarking min_axis_last_contiguous_i64: Warming up for 1.0000 s
Benchmarking min_axis_last_contiguous_i64: Collecting 20 samples in estimated 3.0039 s (26k iterations)
Benchmarking min_axis_last_contiguous_i64: Analyzing
Benchmarking max_axis_last_contiguous_i64
Benchmarking max_axis_last_contiguous_i64: Warming up for 1.0000 s
Benchmarking max_axis_last_contiguous_i64: Collecting 20 samples in estimated 3.0071 s (26k iterations)
Benchmarking max_axis_last_contiguous_i64: Analyzing
Benchmarking min_axis_first_fixed_stride_i64
Benchmarking min_axis_first_fixed_stride_i64: Warming up for 1.0000 s
Benchmarking min_axis_first_fixed_stride_i64: Collecting 20 samples in estimated 3.0125 s (12k iterations)
Benchmarking min_axis_first_fixed_stride_i64: Analyzing
Benchmarking max_axis_first_fixed_stride_i64
Benchmarking max_axis_first_fixed_stride_i64: Warming up for 1.0000 s
Benchmarking max_axis_first_fixed_stride_i64: Collecting 20 samples in estimated 3.0165 s (12k iterations)
Benchmarking max_axis_first_fixed_stride_i64: Analyzing
Benchmarking min_axis_last_contiguous_bool
Benchmarking min_axis_last_contiguous_bool: Warming up for 1.0000 s
Benchmarking min_axis_last_contiguous_bool: Collecting 20 samples in estimated 3.0017 s (290k iterations)
Benchmarking min_axis_last_contiguous_bool: Analyzing
Benchmarking max_axis_last_contiguous_bool
Benchmarking max_axis_last_contiguous_bool: Warming up for 1.0000 s
Benchmarking max_axis_last_contiguous_bool: Collecting 20 samples in estimated 3.0018 s (295k iterations)
Benchmarking max_axis_last_contiguous_bool: Analyzing
Benchmarking min_axis_first_fixed_stride_bool
Benchmarking min_axis_first_fixed_stride_bool: Warming up for 1.0000 s
Benchmarking min_axis_first_fixed_stride_bool: Collecting 20 samples in estimated 3.0002 s (181k iterations)
Benchmarking min_axis_first_fixed_stride_bool: Analyzing
Benchmarking max_axis_first_fixed_stride_bool
Benchmarking max_axis_first_fixed_stride_bool: Warming up for 1.0000 s
Benchmarking max_axis_first_fixed_stride_bool: Collecting 20 samples in estimated 3.0005 s (182k iterations)
Benchmarking max_axis_first_fixed_stride_bool: Analyzing
Benchmarking mean_axis_last_f64
Benchmarking mean_axis_last_f64: Warming up for 1.0000 s
Benchmarking mean_axis_last_f64: Collecting 20 samples in estimated 3.0009 s (34k iterations)
Benchmarking mean_axis_last_f64: Analyzing
Benchmarking mean_axis_first_fixed_stride_f64
Benchmarking mean_axis_first_fixed_stride_f64: Warming up for 1.0000 s
Benchmarking mean_axis_first_fixed_stride_f64: Collecting 20 samples in estimated 3.0257 s (24k iterations)
Benchmarking mean_axis_first_fixed_stride_f64: Analyzing
Benchmarking std_axis_last_f64
Benchmarking std_axis_last_f64: Warming up for 1.0000 s
Benchmarking std_axis_last_f64: Collecting 20 samples in estimated 3.0440 s (13k iterations)
Benchmarking std_axis_last_f64: Analyzing
Benchmarking std_axis_first_fixed_stride_f64
Benchmarking std_axis_first_fixed_stride_f64: Warming up for 1.0000 s
Benchmarking std_axis_first_fixed_stride_f64: Collecting 20 samples in estimated 3.0255 s (10k iterations)
Benchmarking std_axis_first_fixed_stride_f64: Analyzing
Benchmarking argmax_axis_last_f64
Benchmarking argmax_axis_last_f64: Warming up for 1.0000 s
Benchmarking argmax_axis_last_f64: Collecting 20 samples in estimated 3.1481 s (3360 iterations)
Benchmarking argmax_axis_last_f64: Analyzing
Benchmarking argmin_axis_last_f64
Benchmarking argmin_axis_last_f64: Warming up for 1.0000 s
Benchmarking argmin_axis_last_f64: Collecting 20 samples in estimated 3.1512 s (3360 iterations)
Benchmarking argmin_axis_last_f64: Analyzing
Benchmarking any_axis_last_f64
Benchmarking any_axis_last_f64: Warming up for 1.0000 s
Benchmarking any_axis_last_f64: Collecting 20 samples in estimated 3.0142 s (40k iterations)
Benchmarking any_axis_last_f64: Analyzing
Benchmarking any_axis_first_fixed_stride_f64
Benchmarking any_axis_first_fixed_stride_f64: Warming up for 1.0000 s
Benchmarking any_axis_first_fixed_stride_f64: Collecting 20 samples in estimated 3.0142 s (38k iterations)
Benchmarking any_axis_first_fixed_stride_f64: Analyzing
Benchmarking all_axis_last_f64
Benchmarking all_axis_last_f64: Warming up for 1.0000 s
Benchmarking all_axis_last_f64: Collecting 20 samples in estimated 3.0004 s (40k iterations)
Benchmarking all_axis_last_f64: Analyzing
Benchmarking all_axis_first_fixed_stride_f64
Benchmarking all_axis_first_fixed_stride_f64: Warming up for 1.0000 s
Benchmarking all_axis_first_fixed_stride_f64: Collecting 20 samples in estimated 3.0160 s (38k iterations)
Benchmarking all_axis_first_fixed_stride_f64: Analyzing
Benchmarking cumprod_axis_last_f64
Benchmarking cumprod_axis_last_f64: Warming up for 1.0000 s
Benchmarking cumprod_axis_last_f64: Collecting 20 samples in estimated 3.2636 s (2520 iterations)
Benchmarking cumprod_axis_last_f64: Analyzing
Benchmarking add_contiguous_contiguous_32x32_f64
Benchmarking add_contiguous_contiguous_32x32_f64: Warming up for 1.0000 s
Benchmarking add_contiguous_contiguous_32x32_f64: Collecting 20 samples in estimated 3.0000 s (15M iterations)
Benchmarking add_contiguous_contiguous_32x32_f64: Analyzing
Benchmarking add_contiguous_contiguous_256x256_f64
Benchmarking add_contiguous_contiguous_256x256_f64: Warming up for 1.0000 s
Benchmarking add_contiguous_contiguous_256x256_f64: Collecting 20 samples in estimated 3.0022 s (233k iterations)
Benchmarking add_contiguous_contiguous_256x256_f64: Analyzing
Benchmarking add_contiguous_contiguous_f64
Benchmarking add_contiguous_contiguous_f64: Warming up for 1.0000 s
Benchmarking add_contiguous_contiguous_f64: Collecting 20 samples in estimated 3.0304 s (15k iterations)
Benchmarking add_contiguous_contiguous_f64: Analyzing
Benchmarking add_contiguous_contiguous_1m_1d_f64
Benchmarking add_contiguous_contiguous_1m_1d_f64: Warming up for 1.0000 s
Benchmarking add_contiguous_contiguous_1m_1d_f64: Collecting 20 samples in estimated 3.0154 s (14k iterations)
Benchmarking add_contiguous_contiguous_1m_1d_f64: Analyzing
Benchmarking add_contiguous_contiguous_64x128x128_f64
Benchmarking add_contiguous_contiguous_64x128x128_f64: Warming up for 1.0000 s
Benchmarking add_contiguous_contiguous_64x128x128_f64: Collecting 20 samples in estimated 3.0024 s (14k iterations)
Benchmarking add_contiguous_contiguous_64x128x128_f64: Analyzing
Benchmarking subtract_contiguous_contiguous_f64
Benchmarking subtract_contiguous_contiguous_f64: Warming up for 1.0000 s
Benchmarking subtract_contiguous_contiguous_f64: Collecting 20 samples in estimated 3.0254 s (14k iterations)
Benchmarking subtract_contiguous_contiguous_f64: Analyzing
Benchmarking add_strided_strided_f64
Benchmarking add_strided_strided_f64: Warming up for 1.0000 s
Benchmarking add_strided_strided_f64: Collecting 20 samples in estimated 3.0726 s (1050 iterations)
Benchmarking add_strided_strided_f64: Analyzing
Benchmarking add_contiguous_strided_f64
Benchmarking add_contiguous_strided_f64: Warming up for 1.0000 s
Benchmarking add_contiguous_strided_f64: Collecting 20 samples in estimated 3.1471 s (2520 iterations)
Benchmarking add_contiguous_strided_f64: Analyzing
Benchmarking subtract_strided_strided_f64
Benchmarking subtract_strided_strided_f64: Warming up for 1.0000 s
Benchmarking subtract_strided_strided_f64: Collecting 20 samples in estimated 3.5749 s (1260 iterations)
Benchmarking subtract_strided_strided_f64: Analyzing
Benchmarking negative_contiguous_f64
Benchmarking negative_contiguous_f64: Warming up for 1.0000 s
Benchmarking negative_contiguous_f64: Collecting 20 samples in estimated 3.0267 s (22k iterations)
Benchmarking negative_contiguous_f64: Analyzing
Benchmarking absolute_contiguous_f64
Benchmarking absolute_contiguous_f64: Warming up for 1.0000 s
Benchmarking absolute_contiguous_f64: Collecting 20 samples in estimated 3.0045 s (22k iterations)
Benchmarking absolute_contiguous_f64: Analyzing
Benchmarking isnan_contiguous_f64
Benchmarking isnan_contiguous_f64: Warming up for 1.0000 s
Benchmarking isnan_contiguous_f64: Collecting 20 samples in estimated 3.0112 s (38k iterations)
Benchmarking isnan_contiguous_f64: Analyzing
Benchmarking multiply_row_broadcast_f64
Benchmarking multiply_row_broadcast_f64: Warming up for 1.0000 s
Benchmarking multiply_row_broadcast_f64: Collecting 20 samples in estimated 3.0135 s (21k iterations)
Benchmarking multiply_row_broadcast_f64: Analyzing
Benchmarking multiply_column_broadcast_f64
Benchmarking multiply_column_broadcast_f64: Warming up for 1.0000 s
Benchmarking multiply_column_broadcast_f64: Collecting 20 samples in estimated 3.0239 s (22k iterations)
Benchmarking multiply_column_broadcast_f64: Analyzing
Benchmarking multiply_scalar_broadcast_f64
Benchmarking multiply_scalar_broadcast_f64: Warming up for 1.0000 s
Benchmarking multiply_scalar_broadcast_f64: Collecting 20 samples in estimated 3.0181 s (22k iterations)
Benchmarking multiply_scalar_broadcast_f64: Analyzing
Benchmarking add_i64_f64_contiguous
Benchmarking add_i64_f64_contiguous: Warming up for 1.0000 s
Benchmarking add_i64_f64_contiguous: Collecting 20 samples in estimated 3.0412 s (14k iterations)
Benchmarking add_i64_f64_contiguous: Analyzing
Benchmarking divide_i64_contiguous
Benchmarking divide_i64_contiguous: Warming up for 1.0000 s
Benchmarking divide_i64_contiguous: Collecting 20 samples in estimated 3.0576 s (2940 iterations)
Benchmarking divide_i64_contiguous: Analyzing
Benchmarking divide_contiguous_f64
Benchmarking divide_contiguous_f64: Warming up for 1.0000 s
Benchmarking divide_contiguous_f64: Collecting 20 samples in estimated 3.0099 s (14k iterations)
Benchmarking divide_contiguous_f64: Analyzing
Benchmarking trunc_divide_contiguous_f64
Benchmarking trunc_divide_contiguous_f64: Warming up for 1.0000 s
Benchmarking trunc_divide_contiguous_f64: Collecting 20 samples in estimated 3.0063 s (15k iterations)
Benchmarking trunc_divide_contiguous_f64: Analyzing
Benchmarking remainder_contiguous_f64
Benchmarking remainder_contiguous_f64: Warming up for 1.0000 s
Benchmarking remainder_contiguous_f64: Collecting 20 samples in estimated 3.1492 s (1890 iterations)
Benchmarking remainder_contiguous_f64: Analyzing
Benchmarking power_contiguous_f64
Benchmarking power_contiguous_f64: Warming up for 1.0000 s
Benchmarking power_contiguous_f64: Collecting 20 samples in estimated 3.3366 s (840 iterations)
Benchmarking power_contiguous_f64: Analyzing
Benchmarking greater_contiguous_f64
Benchmarking greater_contiguous_f64: Warming up for 1.0000 s
Benchmarking greater_contiguous_f64: Collecting 20 samples in estimated 3.0108 s (21k iterations)
Benchmarking greater_contiguous_f64: Analyzing
Benchmarking cumsum_axis_last_contiguous_f64
Benchmarking cumsum_axis_last_contiguous_f64: Warming up for 1.0000 s
Benchmarking cumsum_axis_last_contiguous_f64: Collecting 20 samples in estimated 3.0063 s (2520 iterations)
Benchmarking cumsum_axis_last_contiguous_f64: Analyzing
Benchmarking cumsum_axis_first_strided_f64
Benchmarking cumsum_axis_first_strided_f64: Warming up for 1.0000 s
Benchmarking cumsum_axis_first_strided_f64: Collecting 20 samples in estimated 4.2835 s (630 iterations)
Benchmarking cumsum_axis_first_strided_f64: Analyzing
Benchmarking cumprod_axis_first_strided_f64
Benchmarking cumprod_axis_first_strided_f64: Warming up for 1.0000 s
Benchmarking cumprod_axis_first_strided_f64: Collecting 20 samples in estimated 3.1131 s (420 iterations)
Benchmarking cumprod_axis_first_strided_f64: Analyzing
Benchmarking concatenate_axis0_contiguous_f64
Benchmarking concatenate_axis0_contiguous_f64: Warming up for 1.0000 s
Benchmarking concatenate_axis0_contiguous_f64: Collecting 20 samples in estimated 3.0088 s (14k iterations)
Benchmarking concatenate_axis0_contiguous_f64: Analyzing
Benchmarking concatenate_axis0_strided_f64
Benchmarking concatenate_axis0_strided_f64: Warming up for 1.0000 s
Benchmarking concatenate_axis0_strided_f64: Collecting 20 samples in estimated 3.2906 s (1260 iterations)
Benchmarking concatenate_axis0_strided_f64: Analyzing
Benchmarking concatenate_axis1_contiguous_f64
Benchmarking concatenate_axis1_contiguous_f64: Warming up for 1.0000 s
Benchmarking concatenate_axis1_contiguous_f64: Collecting 20 samples in estimated 3.0309 s (13k iterations)
Benchmarking concatenate_axis1_contiguous_f64: Analyzing
Benchmarking concatenate_axis1_strided_f64
Benchmarking concatenate_axis1_strided_f64: Warming up for 1.0000 s
Benchmarking concatenate_axis1_strided_f64: Collecting 20 samples in estimated 3.3503 s (840 iterations)
Benchmarking concatenate_axis1_strided_f64: Analyzing
Benchmarking stack_axis0_contiguous_f64
Benchmarking stack_axis0_contiguous_f64: Warming up for 1.0000 s
Benchmarking stack_axis0_contiguous_f64: Collecting 20 samples in estimated 3.0227 s (14k iterations)
Benchmarking stack_axis0_contiguous_f64: Analyzing
Benchmarking where_contiguous_f64
Benchmarking where_contiguous_f64: Warming up for 1.0000 s
Benchmarking where_contiguous_f64: Collecting 20 samples in estimated 3.0470 s (13k iterations)
Benchmarking where_contiguous_f64: Analyzing
Benchmarking where_strided_f64
Benchmarking where_strided_f64: Warming up for 1.0000 s
Benchmarking where_strided_f64: Collecting 20 samples in estimated 3.3781 s (1470 iterations)
Benchmarking where_strided_f64: Analyzing
Benchmarking where_scalar_broadcast_f64
Benchmarking where_scalar_broadcast_f64: Warming up for 1.0000 s
Benchmarking where_scalar_broadcast_f64: Collecting 20 samples in estimated 3.0351 s (15k iterations)
Benchmarking where_scalar_broadcast_f64: Analyzing
Benchmarking clip_contiguous_f64
Benchmarking clip_contiguous_f64: Warming up for 1.0000 s
Benchmarking clip_contiguous_f64: Collecting 20 samples in estimated 3.0281 s (21k iterations)
Benchmarking clip_contiguous_f64: Analyzing
Benchmarking nonzero_bool_contiguous
Benchmarking nonzero_bool_contiguous: Warming up for 1.0000 s
Benchmarking nonzero_bool_contiguous: Collecting 20 samples in estimated 3.2770 s (1890 iterations)
Benchmarking nonzero_bool_contiguous: Analyzing
Benchmarking sort_axis_last_contiguous_f64
Benchmarking sort_axis_last_contiguous_f64: Warming up for 1.0000 s
Benchmarking sort_axis_last_contiguous_f64: Collecting 20 samples in estimated 3.1792 s (3360 iterations)
Benchmarking sort_axis_last_contiguous_f64: Analyzing
Benchmarking sort_axis_last_strided_f64
Benchmarking sort_axis_last_strided_f64: Warming up for 1.0000 s
Benchmarking sort_axis_last_strided_f64: Collecting 20 samples in estimated 3.3819 s (840 iterations)
Benchmarking sort_axis_last_strided_f64: Analyzing
Benchmarking argsort_axis_last_contiguous_f64
Benchmarking argsort_axis_last_contiguous_f64: Warming up for 1.0000 s
Benchmarking argsort_axis_last_contiguous_f64: Collecting 20 samples in estimated 3.1603 s (2520 iterations)
Benchmarking argsort_axis_last_contiguous_f64: Analyzing
Benchmarking unique_flatten_f64
Benchmarking unique_flatten_f64: Warming up for 1.0000 s
Benchmarking unique_flatten_f64: Collecting 20 samples in estimated 5.7748 s (420 iterations)
Benchmarking unique_flatten_f64: Analyzing
Benchmarking linspace_1m_f64
Benchmarking linspace_1m_f64: Warming up for 1.0000 s
Benchmarking linspace_1m_f64: Collecting 20 samples in estimated 3.0172 s (3990 iterations)
Benchmarking linspace_1m_f64: Analyzing
Benchmarking meshgrid_1024x1024_view_f64
Benchmarking meshgrid_1024x1024_view_f64: Warming up for 1.0000 s
Benchmarking meshgrid_1024x1024_view_f64: Collecting 20 samples in estimated 3.0000 s (14M iterations)
Benchmarking meshgrid_1024x1024_view_f64: Analyzing
Benchmarking dot_1d_contiguous_1m_f64
Benchmarking dot_1d_contiguous_1m_f64: Warming up for 1.0000 s
Benchmarking dot_1d_contiguous_1m_f64: Collecting 20 samples in estimated 3.0929 s (4620 iterations)
Benchmarking dot_1d_contiguous_1m_f64: Analyzing
Benchmarking matmul_contiguous_32x32_f64
Benchmarking matmul_contiguous_32x32_f64: Warming up for 1.0000 s
Benchmarking matmul_contiguous_32x32_f64: Collecting 20 samples in estimated 3.0021 s (245k iterations)
Benchmarking matmul_contiguous_32x32_f64: Analyzing
Benchmarking matmul_contiguous_128x128_f64
Benchmarking matmul_contiguous_128x128_f64: Warming up for 1.0000 s
Benchmarking matmul_contiguous_128x128_f64: Collecting 20 samples in estimated 3.1001 s (3780 iterations)
Benchmarking matmul_contiguous_128x128_f64: Analyzing
Benchmarking matmul_contiguous_256x256_f64
Benchmarking matmul_contiguous_256x256_f64: Warming up for 1.0000 s
Benchmarking matmul_contiguous_256x256_f64: Collecting 20 samples in estimated 3.9010 s (630 iterations)
Benchmarking matmul_contiguous_256x256_f64: Analyzing
Benchmarking matmul_strided_strided_128x128_f64
Benchmarking matmul_strided_strided_128x128_f64: Warming up for 1.0000 s
Benchmarking matmul_strided_strided_128x128_f64: Collecting 20 samples in estimated 3.0659 s (2940 iterations)
Benchmarking matmul_strided_strided_128x128_f64: Analyzing
Benchmarking matmul_batched_8x64x64_f64
Benchmarking matmul_batched_8x64x64_f64: Warming up for 1.0000 s
Benchmarking matmul_batched_8x64x64_f64: Collecting 20 samples in estimated 3.0321 s (3990 iterations)
Benchmarking matmul_batched_8x64x64_f64: Analyzing
Benchmarking trace_1024x1024_f64
Benchmarking trace_1024x1024_f64: Warming up for 1.0000 s
Benchmarking trace_1024x1024_f64: Collecting 20 samples in estimated 3.0000 s (4.7M iterations)
Benchmarking trace_1024x1024_f64: Analyzing
Benchmarking tri_1024x1024_f64
Benchmarking tri_1024x1024_f64: Warming up for 1.0000 s
Benchmarking tri_1024x1024_f64: Collecting 20 samples in estimated 3.1001 s (3780 iterations)
Benchmarking tri_1024x1024_f64: Analyzing
Benchmarking tril_1024x1024_contiguous_f64
Benchmarking tril_1024x1024_contiguous_f64: Warming up for 1.0000 s
Benchmarking tril_1024x1024_contiguous_f64: Collecting 20 samples in estimated 3.1724 s (3150 iterations)
Benchmarking tril_1024x1024_contiguous_f64: Analyzing
Benchmarking tril_1024x1024_strided_f64
Benchmarking tril_1024x1024_strided_f64: Warming up for 1.0000 s
Benchmarking tril_1024x1024_strided_f64: Collecting 20 samples in estimated 3.3414 s (1470 iterations)
Benchmarking tril_1024x1024_strided_f64: Analyzing
Benchmarking triu_1024x1024_contiguous_f64
Benchmarking triu_1024x1024_contiguous_f64: Warming up for 1.0000 s
Benchmarking triu_1024x1024_contiguous_f64: Collecting 20 samples in estimated 3.1557 s (3150 iterations)
Benchmarking triu_1024x1024_contiguous_f64: Analyzing
Benchmarking diag_extract_1024x1024_f64
Benchmarking diag_extract_1024x1024_f64: Warming up for 1.0000 s
Benchmarking diag_extract_1024x1024_f64: Collecting 20 samples in estimated 3.0001 s (4.3M iterations)
Benchmarking diag_extract_1024x1024_f64: Analyzing
Benchmarking diag_build_1024_f64
Benchmarking diag_build_1024_f64: Warming up for 1.0000 s
Benchmarking diag_build_1024_f64: Collecting 20 samples in estimated 3.0034 s (84k iterations)
Benchmarking diag_build_1024_f64: Analyzing
Benchmarking fancy_gather_multidim_f64
Benchmarking fancy_gather_multidim_f64: Warming up for 1.0000 s
Benchmarking fancy_gather_multidim_f64: Collecting 20 samples in estimated 3.1183 s (2100 iterations)
Benchmarking fancy_gather_multidim_f64: Analyzing
Benchmarking gather_basic_half_view_f64
Benchmarking gather_basic_half_view_f64: Warming up for 1.0000 s
Benchmarking gather_basic_half_view_f64: Collecting 20 samples in estimated 3.0000 s (23M iterations)
Benchmarking gather_basic_half_view_f64: Analyzing
Benchmarking gather_reverse_view_f64
Benchmarking gather_reverse_view_f64: Warming up for 1.0000 s
Benchmarking gather_reverse_view_f64: Collecting 20 samples in estimated 3.0000 s (23M iterations)
Benchmarking gather_reverse_view_f64: Analyzing
Benchmarking gather_boolean_mask_f64
Benchmarking gather_boolean_mask_f64: Warming up for 1.0000 s
Benchmarking gather_boolean_mask_f64: Collecting 20 samples in estimated 3.4981 s (1260 iterations)
Benchmarking gather_boolean_mask_f64: Analyzing
Benchmarking scatter_array_f64/unshared_rhs
Benchmarking scatter_array_f64/unshared_rhs: Warming up for 1.0000 s
Benchmarking scatter_array_f64/unshared_rhs: Collecting 20 samples in estimated 3.0289 s (19k iterations)
Benchmarking scatter_array_f64/unshared_rhs: Analyzing
Benchmarking scatter_array_f64/shared_rhs
Benchmarking scatter_array_f64/shared_rhs: Warming up for 1.0000 s
Benchmarking scatter_array_f64/shared_rhs: Collecting 20 samples in estimated 3.0421 s (9030 iterations)
Benchmarking scatter_array_f64/shared_rhs: Analyzing
Benchmarking scatter_array_strided_basic_f64
Benchmarking scatter_array_strided_basic_f64: Warming up for 1.0000 s
Benchmarking scatter_array_strided_basic_f64: Collecting 20 samples in estimated 3.0455 s (8820 iterations)
Benchmarking scatter_array_strided_basic_f64: Analyzing
Benchmarking scatter_scalar_strided_f64
Benchmarking scatter_scalar_strided_f64: Warming up for 1.0000 s
Benchmarking scatter_scalar_strided_f64: Collecting 20 samples in estimated 3.0503 s (13k iterations)
Benchmarking scatter_scalar_strided_f64: Analyzing
Benchmarking scatter_scalar_fancy_f64
Benchmarking scatter_scalar_fancy_f64: Warming up for 1.0000 s
Benchmarking scatter_scalar_fancy_f64: Collecting 20 samples in estimated 3.2264 s (2100 iterations)
Benchmarking scatter_scalar_fancy_f64: Analyzing
    Finished `bench` profile [optimized] target(s) in 0.03s
     Running benches/paths.rs (/var/folders/_x/p8wqqn_j53x8l_8r3kd5gfhc0000gn/T/cursor-sandbox-cache/bfc190fdf4116a850199d4df9bf73b14/cargo-target/release/deps/paths-9f9744484af390ac)
Gnuplot not found, using plotters backend
Benchmarking dot_1d_contiguous_1m_f64
Benchmarking dot_1d_contiguous_1m_f64: Warming up for 1.0000 s
Benchmarking dot_1d_contiguous_1m_f64: Collecting 20 samples in estimated 3.0088 s (21k iterations)
Benchmarking dot_1d_contiguous_1m_f64: Analyzing
dot_1d_contiguous_1m_f64
                        time:   [140.09 µs 141.67 µs 143.22 µs]
                        change: [-78.952% -78.778% -78.572%] (p = 0.00 < 0.05)
                        Performance has improved.
Found 2 outliers among 20 measurements (10.00%)
  1 (5.00%) high mild
  1 (5.00%) high severe

Benchmarking matmul_contiguous_32x32_f64
Benchmarking matmul_contiguous_32x32_f64: Warming up for 1.0000 s
Benchmarking matmul_contiguous_32x32_f64: Collecting 20 samples in estimated 3.0010 s (588k iterations)
Benchmarking matmul_contiguous_32x32_f64: Analyzing
matmul_contiguous_32x32_f64
                        time:   [5.0331 µs 5.0517 µs 5.0735 µs]
                        change: [-58.619% -58.449% -58.290%] (p = 0.00 < 0.05)
                        Performance has improved.

Benchmarking matmul_contiguous_128x128_f64
Benchmarking matmul_contiguous_128x128_f64: Warming up for 1.0000 s
Benchmarking matmul_contiguous_128x128_f64: Collecting 20 samples in estimated 3.0291 s (14k iterations)
Benchmarking matmul_contiguous_128x128_f64: Analyzing
matmul_contiguous_128x128_f64
                        time:   [212.66 µs 213.30 µs 213.76 µs]
                        change: [-74.312% -74.193% -74.080%] (p = 0.00 < 0.05)
                        Performance has improved.

Benchmarking matmul_contiguous_256x256_f64
Benchmarking matmul_contiguous_256x256_f64: Warming up for 1.0000 s
Benchmarking matmul_contiguous_256x256_f64: Collecting 20 samples in estimated 3.0383 s (1470 iterations)
Benchmarking matmul_contiguous_256x256_f64: Analyzing
matmul_contiguous_256x256_f64
                        time:   [2.0648 ms 2.0716 ms 2.0797 ms]
                        change: [-66.677% -66.519% -66.369%] (p = 0.00 < 0.05)
                        Performance has improved.
Found 2 outliers among 20 measurements (10.00%)
  2 (10.00%) high mild

Benchmarking matmul_strided_strided_128x128_f64
Benchmarking matmul_strided_strided_128x128_f64: Warming up for 1.0000 s
Benchmarking matmul_strided_strided_128x128_f64: Collecting 20 samples in estimated 3.0347 s (13k iterations)
Benchmarking matmul_strided_strided_128x128_f64: Analyzing
matmul_strided_strided_128x128_f64
                        time:   [241.75 µs 243.09 µs 244.87 µs]
                        change: [-76.688% -76.551% -76.378%] (p = 0.00 < 0.05)
                        Performance has improved.
Found 2 outliers among 20 measurements (10.00%)
  2 (10.00%) high severe

Benchmarking matmul_batched_8x64x64_f64
Benchmarking matmul_batched_8x64x64_f64: Warming up for 1.0000 s
Benchmarking matmul_batched_8x64x64_f64: Collecting 20 samples in estimated 3.0076 s (12k iterations)
Benchmarking matmul_batched_8x64x64_f64: Analyzing
matmul_batched_8x64x64_f64
                        time:   [252.42 µs 252.72 µs 253.00 µs]
                        change: [-67.572% -67.231% -66.908%] (p = 0.00 < 0.05)
                        Performance has improved.
Found 3 outliers among 20 measurements (15.00%)
  2 (10.00%) low mild
  1 (5.00%) high mild

Benchmarking tril_1024x1024_contiguous_f64
Benchmarking tril_1024x1024_contiguous_f64: Warming up for 1.0000 s
Benchmarking tril_1024x1024_contiguous_f64: Collecting 20 samples in estimated 3.0663 s (5460 iterations)
Benchmarking tril_1024x1024_contiguous_f64: Analyzing
tril_1024x1024_contiguous_f64
                        time:   [557.40 µs 559.02 µs 560.81 µs]
                        change: [-44.957% -44.533% -44.098%] (p = 0.00 < 0.05)
                        Performance has improved.
Found 2 outliers among 20 measurements (10.00%)
  1 (5.00%) high mild
  1 (5.00%) high severe

Benchmarking tril_1024x1024_strided_f64
Benchmarking tril_1024x1024_strided_f64: Warming up for 1.0000 s
Benchmarking tril_1024x1024_strided_f64: Collecting 20 samples in estimated 3.0045 s (1680 iterations)
Benchmarking tril_1024x1024_strided_f64: Analyzing
tril_1024x1024_strided_f64
                        time:   [1.7787 ms 1.7860 ms 1.7946 ms]
                        change: [-24.676% -23.178% -21.788%] (p = 0.00 < 0.05)
                        Performance has improved.

Benchmarking triu_1024x1024_contiguous_f64
Benchmarking triu_1024x1024_contiguous_f64: Warming up for 1.0000 s
Benchmarking triu_1024x1024_contiguous_f64: Collecting 20 samples in estimated 3.0041 s (5250 iterations)
Benchmarking triu_1024x1024_contiguous_f64: Analyzing
triu_1024x1024_contiguous_f64
                        time:   [566.54 µs 568.70 µs 571.91 µs]
                        change: [-43.466% -43.198% -42.892%] (p = 0.00 < 0.05)
                        Performance has improved.
Found 2 outliers among 20 measurements (10.00%)
  1 (5.00%) high mild
  1 (5.00%) high severe

   Compiling sdnp v0.1.0 (/Users/sanghyunpark/Desktop/stardust/stardust-numpy)
    Finished `bench` profile [optimized] target(s) in 21.98s
     Running benches/paths.rs (/var/folders/_x/p8wqqn_j53x8l_8r3kd5gfhc0000gn/T/cursor-sandbox-cache/bfc190fdf4116a850199d4df9bf73b14/cargo-target/release/deps/paths-9f9744484af390ac)
Gnuplot not found, using plotters backend
Benchmarking ndindex_1024x1024
Benchmarking ndindex_1024x1024: Warming up for 1.0000 s

Warning: Unable to complete 20 samples in 3.0s. You may wish to increase target time to 3.7s, enable flat sampling, or reduce sample count to 10.
Benchmarking ndindex_1024x1024: Collecting 20 samples in estimated 3.7341 s (210 iterations)
Benchmarking ndindex_1024x1024: Analyzing
ndindex_1024x1024       time:   [17.762 ms 17.820 ms 17.867 ms]
Found 1 outliers among 20 measurements (5.00%)
  1 (5.00%) high severe

Benchmarking ndenumerate_contiguous_1m_f64
Benchmarking ndenumerate_contiguous_1m_f64: Warming up for 1.0000 s

Warning: Unable to complete 20 samples in 3.0s. You may wish to increase target time to 3.9s, enable flat sampling, or reduce sample count to 10.
Benchmarking ndenumerate_contiguous_1m_f64: Collecting 20 samples in estimated 3.8991 s (210 iterations)
Benchmarking ndenumerate_contiguous_1m_f64: Analyzing
ndenumerate_contiguous_1m_f64
                        time:   [18.686 ms 18.739 ms 18.782 ms]
Found 1 outliers among 20 measurements (5.00%)
  1 (5.00%) high mild

Benchmarking flat_contiguous_1m_f64
Benchmarking flat_contiguous_1m_f64: Warming up for 1.0000 s
Benchmarking flat_contiguous_1m_f64: Collecting 20 samples in estimated 3.0019 s (5460 iterations)
Benchmarking flat_contiguous_1m_f64: Analyzing
flat_contiguous_1m_f64  time:   [547.84 µs 548.78 µs 550.06 µs]
Found 2 outliers among 20 measurements (10.00%)
  1 (5.00%) low mild
  1 (5.00%) high severe

Benchmarking flat_strided_1m_f64
Benchmarking flat_strided_1m_f64: Warming up for 1.0000 s
Benchmarking flat_strided_1m_f64: Collecting 20 samples in estimated 3.3727 s (1890 iterations)
Benchmarking flat_strided_1m_f64: Analyzing
flat_strided_1m_f64     time:   [1.7830 ms 1.7896 ms 1.7979 ms]

Benchmarking nditer_broadcast_1024x1024_f64
Benchmarking nditer_broadcast_1024x1024_f64: Warming up for 1.0000 s

Warning: Unable to complete 20 samples in 3.0s. You may wish to increase target time to 3.5s, enable flat sampling, or reduce sample count to 10.
Benchmarking nditer_broadcast_1024x1024_f64: Collecting 20 samples in estimated 3.5041 s (210 iterations)
Benchmarking nditer_broadcast_1024x1024_f64: Analyzing
nditer_broadcast_1024x1024_f64
                        time:   [16.585 ms 16.662 ms 16.729 ms]

Benchmarking axis0_iter_1024x1024_f64
Benchmarking axis0_iter_1024x1024_f64: Warming up for 1.0000 s
Benchmarking axis0_iter_1024x1024_f64: Collecting 20 samples in estimated 3.0005 s (89k iterations)
Benchmarking axis0_iter_1024x1024_f64: Analyzing
axis0_iter_1024x1024_f64
                        time:   [33.963 µs 34.153 µs 34.295 µs]

   Compiling sdnp v0.1.0 (/Users/sanghyunpark/Desktop/stardust/stardust-numpy)
    Finished `bench` profile [optimized] target(s) in 25.61s
     Running benches/paths.rs (/var/folders/_x/p8wqqn_j53x8l_8r3kd5gfhc0000gn/T/cursor-sandbox-cache/bfc190fdf4116a850199d4df9bf73b14/cargo-target/release/deps/paths-9f9744484af390ac)
Gnuplot not found, using plotters backend
Benchmarking sum_axis_last_contiguous_f64
Benchmarking sum_axis_last_contiguous_f64: Warming up for 1.0000 s
Benchmarking sum_axis_last_contiguous_f64: Collecting 20 samples in estimated 3.0111 s (37k iterations)
Benchmarking sum_axis_last_contiguous_f64: Analyzing
sum_axis_last_contiguous_f64
                        time:   [79.216 µs 80.250 µs 81.904 µs]
                        change: [-2.4357% -1.4338% -0.2070%] (p = 0.01 < 0.05)
                        Change within noise threshold.
Found 4 outliers among 20 measurements (20.00%)
  1 (5.00%) low mild
  2 (10.00%) high mild
  1 (5.00%) high severe

Benchmarking sum_axis_first_fixed_stride_f64
Benchmarking sum_axis_first_fixed_stride_f64: Warming up for 1.0000 s
Benchmarking sum_axis_first_fixed_stride_f64: Collecting 20 samples in estimated 3.0203 s (24k iterations)
Benchmarking sum_axis_first_fixed_stride_f64: Analyzing
sum_axis_first_fixed_stride_f64
                        time:   [125.62 µs 126.53 µs 127.35 µs]
                        change: [-2.5890% -2.0394% -1.4314%] (p = 0.00 < 0.05)
                        Performance has improved.
Found 1 outliers among 20 measurements (5.00%)
  1 (5.00%) high mild

Benchmarking sum_multi_axis_general_f64
Benchmarking sum_multi_axis_general_f64: Warming up for 1.0000 s
Benchmarking sum_multi_axis_general_f64: Collecting 20 samples in estimated 3.0731 s (5460 iterations)
Benchmarking sum_multi_axis_general_f64: Analyzing
sum_multi_axis_general_f64
                        time:   [557.27 µs 557.95 µs 558.99 µs]
                        change: [-3.0485% -1.7635% -0.7253%] (p = 0.00 < 0.05)
                        Change within noise threshold.
Found 4 outliers among 20 measurements (20.00%)
  1 (5.00%) low severe
  3 (15.00%) high severe

Benchmarking var_axis_last_contiguous_f64
Benchmarking var_axis_last_contiguous_f64: Warming up for 1.0000 s
Benchmarking var_axis_last_contiguous_f64: Collecting 20 samples in estimated 3.0088 s (12k iterations)
Benchmarking var_axis_last_contiguous_f64: Analyzing
var_axis_last_contiguous_f64
                        time:   [244.21 µs 244.86 µs 245.68 µs]
                        change: [+0.3572% +0.8818% +1.4346%] (p = 0.00 < 0.05)
                        Change within noise threshold.
Found 3 outliers among 20 measurements (15.00%)
  1 (5.00%) low mild
  2 (10.00%) high mild

Benchmarking prod_axis_last_f64
Benchmarking prod_axis_last_f64: Warming up for 1.0000 s
Benchmarking prod_axis_last_f64: Collecting 20 samples in estimated 3.0034 s (32k iterations)
Benchmarking prod_axis_last_f64: Analyzing
prod_axis_last_f64      time:   [93.672 µs 93.996 µs 94.384 µs]
                        change: [-87.835% -87.594% -87.292%] (p = 0.00 < 0.05)
                        Performance has improved.
Found 2 outliers among 20 measurements (10.00%)
  2 (10.00%) high severe

Benchmarking prod_axis_first_fixed_stride_f64
Benchmarking prod_axis_first_fixed_stride_f64: Warming up for 1.0000 s
Benchmarking prod_axis_first_fixed_stride_f64: Collecting 20 samples in estimated 3.0025 s (24k iterations)
Benchmarking prod_axis_first_fixed_stride_f64: Analyzing
prod_axis_first_fixed_stride_f64
                        time:   [127.22 µs 127.59 µs 127.96 µs]
                        change: [-1.0588% -0.6181% -0.2328%] (p = 0.00 < 0.05)
                        Change within noise threshold.

Benchmarking min_axis_last_f64
Benchmarking min_axis_last_f64: Warming up for 1.0000 s
Benchmarking min_axis_last_f64: Collecting 20 samples in estimated 3.0319 s (20k iterations)
Benchmarking min_axis_last_f64: Analyzing
min_axis_last_f64       time:   [153.47 µs 153.90 µs 154.45 µs]
                        change: [-1.0324% -0.5822% -0.1216%] (p = 0.02 < 0.05)
                        Change within noise threshold.
Found 1 outliers among 20 measurements (5.00%)
  1 (5.00%) high mild

Benchmarking min_axis_last_contiguous_i64
Benchmarking min_axis_last_contiguous_i64: Warming up for 1.0000 s
Benchmarking min_axis_last_contiguous_i64: Collecting 20 samples in estimated 3.0145 s (26k iterations)
Benchmarking min_axis_last_contiguous_i64: Analyzing
min_axis_last_contiguous_i64
                        time:   [115.35 µs 115.64 µs 115.87 µs]
                        change: [-0.6417% -0.2381% +0.1680%] (p = 0.27 > 0.05)
                        No change in performance detected.
Found 1 outliers among 20 measurements (5.00%)
  1 (5.00%) high mild

Benchmarking max_axis_last_contiguous_i64
Benchmarking max_axis_last_contiguous_i64: Warming up for 1.0000 s
Benchmarking max_axis_last_contiguous_i64: Collecting 20 samples in estimated 3.0062 s (26k iterations)
Benchmarking max_axis_last_contiguous_i64: Analyzing
max_axis_last_contiguous_i64
                        time:   [115.95 µs 116.35 µs 116.92 µs]
                        change: [-0.1582% +0.1924% +0.5522%] (p = 0.32 > 0.05)
                        No change in performance detected.
Found 1 outliers among 20 measurements (5.00%)
  1 (5.00%) high mild

Benchmarking argmin_axis_last_f64
Benchmarking argmin_axis_last_f64: Warming up for 1.0000 s
Benchmarking argmin_axis_last_f64: Collecting 20 samples in estimated 3.1398 s (3360 iterations)
Benchmarking argmin_axis_last_f64: Analyzing
argmin_axis_last_f64    time:   [933.55 µs 935.08 µs 937.61 µs]
                        change: [-0.8739% -0.3143% +0.1172%] (p = 0.26 > 0.05)
                        No change in performance detected.
Found 2 outliers among 20 measurements (10.00%)
  1 (5.00%) high mild
  1 (5.00%) high severe

Benchmarking any_axis_last_contiguous_bool
Benchmarking any_axis_last_contiguous_bool: Warming up for 1.0000 s
Benchmarking any_axis_last_contiguous_bool: Collecting 20 samples in estimated 3.0007 s (296k iterations)
Benchmarking any_axis_last_contiguous_bool: Analyzing
any_axis_last_contiguous_bool
                        time:   [10.160 µs 10.228 µs 10.320 µs]
Found 1 outliers among 20 measurements (5.00%)
  1 (5.00%) high severe

Benchmarking divide_i64_contiguous
Benchmarking divide_i64_contiguous: Warming up for 1.0000 s
Benchmarking divide_i64_contiguous: Collecting 20 samples in estimated 3.2029 s (2730 iterations)
Benchmarking divide_i64_contiguous: Analyzing
divide_i64_contiguous   time:   [1.1613 ms 1.1697 ms 1.1789 ms]
                        change: [+7.8181% +10.594% +13.715%] (p = 0.00 < 0.05)
                        Performance has regressed.
Found 2 outliers among 20 measurements (10.00%)
  1 (5.00%) low severe
  1 (5.00%) low mild

Benchmarking divide_i64_strided
Benchmarking divide_i64_strided: Warming up for 1.0000 s
Benchmarking divide_i64_strided: Collecting 20 samples in estimated 3.0675 s (1050 iterations)
Benchmarking divide_i64_strided: Analyzing
divide_i64_strided      time:   [2.8837 ms 2.9228 ms 2.9690 ms]
Found 3 outliers among 20 measurements (15.00%)
  2 (10.00%) high mild
  1 (5.00%) high severe

Benchmarking cumsum_axis_last_contiguous_f64
Benchmarking cumsum_axis_last_contiguous_f64: Warming up for 1.0000 s
Benchmarking cumsum_axis_last_contiguous_f64: Collecting 20 samples in estimated 3.1063 s (2730 iterations)
Benchmarking cumsum_axis_last_contiguous_f64: Analyzing
cumsum_axis_last_contiguous_f64
                        time:   [1.1427 ms 1.1569 ms 1.1710 ms]
                        change: [-5.5350% -3.7946% -2.0538%] (p = 0.00 < 0.05)
                        Performance has improved.
Found 3 outliers among 20 measurements (15.00%)
  2 (10.00%) low mild
  1 (5.00%) high mild

Benchmarking cumsum_axis_first_strided_f64
Benchmarking cumsum_axis_first_strided_f64: Warming up for 1.0000 s
Benchmarking cumsum_axis_first_strided_f64: Collecting 20 samples in estimated 4.2389 s (630 iterations)
Benchmarking cumsum_axis_first_strided_f64: Analyzing
cumsum_axis_first_strided_f64
                        time:   [6.6961 ms 6.7116 ms 6.7329 ms]
                        change: [-3.8075% -2.0449% -0.4535%] (p = 0.02 < 0.05)
                        Change within noise threshold.

Benchmarking sort_axis_last_contiguous_f64
Benchmarking sort_axis_last_contiguous_f64: Warming up for 1.0000 s
Benchmarking sort_axis_last_contiguous_f64: Collecting 20 samples in estimated 3.0373 s (5880 iterations)
Benchmarking sort_axis_last_contiguous_f64: Analyzing
sort_axis_last_contiguous_f64
                        time:   [513.27 µs 514.65 µs 516.54 µs]
                        change: [-45.670% -45.339% -44.983%] (p = 0.00 < 0.05)
                        Performance has improved.
Found 1 outliers among 20 measurements (5.00%)
  1 (5.00%) high severe

Benchmarking outer_1024x1024_f64
Benchmarking outer_1024x1024_f64: Warming up for 1.0000 s
Benchmarking outer_1024x1024_f64: Collecting 20 samples in estimated 3.0499 s (7140 iterations)
Benchmarking outer_1024x1024_f64: Analyzing
outer_1024x1024_f64     time:   [416.90 µs 417.74 µs 418.59 µs]

Benchmarking matmul_contiguous_128x128_f64
Benchmarking matmul_contiguous_128x128_f64: Warming up for 1.0000 s
Benchmarking matmul_contiguous_128x128_f64: Collecting 20 samples in estimated 3.0128 s (12k iterations)
Benchmarking matmul_contiguous_128x128_f64: Analyzing
matmul_contiguous_128x128_f64
                        time:   [242.20 µs 242.58 µs 242.91 µs]
                        change: [+13.573% +13.974% +14.392%] (p = 0.00 < 0.05)
                        Performance has regressed.
Found 1 outliers among 20 measurements (5.00%)
  1 (5.00%) high mild

    Finished `bench` profile [optimized] target(s) in 0.03s
     Running benches/paths.rs (/var/folders/_x/p8wqqn_j53x8l_8r3kd5gfhc0000gn/T/cursor-sandbox-cache/bfc190fdf4116a850199d4df9bf73b14/cargo-target/release/deps/paths-9f9744484af390ac)
Gnuplot not found, using plotters backend
Benchmarking squeeze_all_view_f64
Benchmarking squeeze_all_view_f64: Warming up for 1.0000 s
Benchmarking squeeze_all_view_f64: Collecting 20 samples in estimated 3.0000 s (54M iterations)
Benchmarking squeeze_all_view_f64: Analyzing
squeeze_all_view_f64    time:   [55.559 ns 56.239 ns 56.986 ns]
Found 1 outliers among 20 measurements (5.00%)
  1 (5.00%) high mild

Benchmarking squeeze_axis_view_f64
Benchmarking squeeze_axis_view_f64: Warming up for 1.0000 s
Benchmarking squeeze_axis_view_f64: Collecting 20 samples in estimated 3.0000 s (36M iterations)
Benchmarking squeeze_axis_view_f64: Analyzing
squeeze_axis_view_f64   time:   [83.099 ns 83.874 ns 84.380 ns]

Benchmarking astype_contiguous_f64_to_i64
Benchmarking astype_contiguous_f64_to_i64: Warming up for 1.0000 s
Benchmarking astype_contiguous_f64_to_i64: Collecting 20 samples in estimated 3.0060 s (25k iterations)
Benchmarking astype_contiguous_f64_to_i64: Analyzing
astype_contiguous_f64_to_i64
                        time:   [119.33 µs 121.37 µs 123.40 µs]

Benchmarking astype_strided_f64_to_i64
Benchmarking astype_strided_f64_to_i64: Warming up for 1.0000 s
Benchmarking astype_strided_f64_to_i64: Collecting 20 samples in estimated 3.4286 s (1470 iterations)
Benchmarking astype_strided_f64_to_i64: Analyzing
astype_strided_f64_to_i64
                        time:   [2.3211 ms 2.3291 ms 2.3348 ms]
Found 1 outliers among 20 measurements (5.00%)
  1 (5.00%) high mild

Benchmarking astype_same_f64
Benchmarking astype_same_f64: Warming up for 1.0000 s
Benchmarking astype_same_f64: Collecting 20 samples in estimated 3.0079 s (30k iterations)
Benchmarking astype_same_f64: Analyzing
astype_same_f64         time:   [99.330 µs 99.749 µs 100.18 µs]

Benchmarking astype_complex_to_f64
Benchmarking astype_complex_to_f64: Warming up for 1.0000 s
Benchmarking astype_complex_to_f64: Collecting 20 samples in estimated 3.0317 s (16k iterations)
Benchmarking astype_complex_to_f64: Analyzing
astype_complex_to_f64   time:   [196.85 µs 198.34 µs 199.67 µs]
Found 3 outliers among 20 measurements (15.00%)
  1 (5.00%) low mild
  1 (5.00%) high mild
  1 (5.00%) high severe

Benchmarking sum_ignore_axis_last_contiguous_f64
Benchmarking sum_ignore_axis_last_contiguous_f64: Warming up for 1.0000 s
Benchmarking sum_ignore_axis_last_contiguous_f64: Collecting 20 samples in estimated 3.0119 s (12k iterations)
Benchmarking sum_ignore_axis_last_contiguous_f64: Analyzing
sum_ignore_axis_last_contiguous_f64
                        time:   [247.77 µs 249.11 µs 250.36 µs]

Benchmarking sum_ignore_axis_first_fixed_stride_f64
Benchmarking sum_ignore_axis_first_fixed_stride_f64: Warming up for 1.0000 s
Benchmarking sum_ignore_axis_first_fixed_stride_f64: Collecting 20 samples in estimated 3.0481 s (8400 iterations)
Benchmarking sum_ignore_axis_first_fixed_stride_f64: Analyzing
sum_ignore_axis_first_fixed_stride_f64
                        time:   [357.39 µs 357.98 µs 358.60 µs]
Found 2 outliers among 20 measurements (10.00%)
  1 (5.00%) high mild
  1 (5.00%) high severe

Benchmarking sum_ignore_multi_axis_general_f64
Benchmarking sum_ignore_multi_axis_general_f64: Warming up for 1.0000 s
Benchmarking sum_ignore_multi_axis_general_f64: Collecting 20 samples in estimated 3.0405 s (2520 iterations)
Benchmarking sum_ignore_multi_axis_general_f64: Analyzing
sum_ignore_multi_axis_general_f64
                        time:   [1.2002 ms 1.2033 ms 1.2067 ms]
Found 2 outliers among 20 measurements (10.00%)
  2 (10.00%) high mild

Benchmarking var_ignore_axis_last_contiguous_f64
Benchmarking var_ignore_axis_last_contiguous_f64: Warming up for 1.0000 s
Benchmarking var_ignore_axis_last_contiguous_f64: Collecting 20 samples in estimated 3.0381 s (6510 iterations)
Benchmarking var_ignore_axis_last_contiguous_f64: Analyzing
var_ignore_axis_last_contiguous_f64
                        time:   [464.54 µs 465.27 µs 466.29 µs]
Found 4 outliers among 20 measurements (20.00%)
  1 (5.00%) high mild
  3 (15.00%) high severe

Benchmarking prod_ignore_axis_last_contiguous_f64
Benchmarking prod_ignore_axis_last_contiguous_f64: Warming up for 1.0000 s
Benchmarking prod_ignore_axis_last_contiguous_f64: Collecting 20 samples in estimated 3.0203 s (12k iterations)
Benchmarking prod_ignore_axis_last_contiguous_f64: Analyzing
prod_ignore_axis_last_contiguous_f64
                        time:   [248.11 µs 248.69 µs 249.24 µs]
Found 1 outliers among 20 measurements (5.00%)
  1 (5.00%) high mild

Benchmarking min_ignore_axis_last_contiguous_f64
Benchmarking min_ignore_axis_last_contiguous_f64: Warming up for 1.0000 s
Benchmarking min_ignore_axis_last_contiguous_f64: Collecting 20 samples in estimated 3.0622 s (7140 iterations)
Benchmarking min_ignore_axis_last_contiguous_f64: Analyzing
min_ignore_axis_last_contiguous_f64
                        time:   [429.14 µs 430.19 µs 431.45 µs]
Found 1 outliers among 20 measurements (5.00%)
  1 (5.00%) high severe

Benchmarking mean_ignore_axis_last_contiguous_f64
Benchmarking mean_ignore_axis_last_contiguous_f64: Warming up for 1.0000 s
Benchmarking mean_ignore_axis_last_contiguous_f64: Collecting 20 samples in estimated 3.0316 s (12k iterations)
Benchmarking mean_ignore_axis_last_contiguous_f64: Analyzing
mean_ignore_axis_last_contiguous_f64
                        time:   [246.65 µs 247.35 µs 248.10 µs]

Benchmarking argmin_ignore_axis_last_contiguous_f64
Benchmarking argmin_ignore_axis_last_contiguous_f64: Warming up for 1.0000 s
Benchmarking argmin_ignore_axis_last_contiguous_f64: Collecting 20 samples in estimated 3.0145 s (5880 iterations)
Benchmarking argmin_ignore_axis_last_contiguous_f64: Analyzing
argmin_ignore_axis_last_contiguous_f64
                        time:   [511.57 µs 512.57 µs 513.86 µs]
Found 1 outliers among 20 measurements (5.00%)
  1 (5.00%) high mild

Benchmarking cumsum_ignore_axis_last_contiguous_f64
Benchmarking cumsum_ignore_axis_last_contiguous_f64: Warming up for 1.0000 s
Benchmarking cumsum_ignore_axis_last_contiguous_f64: Collecting 20 samples in estimated 3.1540 s (1890 iterations)
Benchmarking cumsum_ignore_axis_last_contiguous_f64: Analyzing
cumsum_ignore_axis_last_contiguous_f64
                        time:   [1.6613 ms 1.6658 ms 1.6712 ms]
Found 1 outliers among 20 measurements (5.00%)
  1 (5.00%) high mild

Benchmarking cumsum_ignore_axis_first_strided_f64
Benchmarking cumsum_ignore_axis_first_strided_f64: Warming up for 1.0000 s
Benchmarking cumsum_ignore_axis_first_strided_f64: Collecting 20 samples in estimated 3.8190 s (630 iterations)
Benchmarking cumsum_ignore_axis_first_strided_f64: Analyzing
cumsum_ignore_axis_first_strided_f64
                        time:   [5.9303 ms 5.9515 ms 5.9822 ms]
Found 1 outliers among 20 measurements (5.00%)
  1 (5.00%) high severe

